Per-day counts (input → output)
ℹ 20260308  in   36,155,432  out   36,155,512  Δ +80
ℹ 20260309  in   60,097,299  out   60,097,303  Δ +4
ℹ 20260310  in   53,819,575  out   53,819,548  Δ -27
ℹ 20260311  in   35,439,068  out   35,439,165  Δ +97
ℹ 20260312  in   50,965,679  out   50,965,628  Δ -51
ℹ 20260313  in   57,465,535  out   57,465,617  Δ +82
ℹ 20260314  in   36,871,112  out   36,871,005  Δ -107
ℹ 20260315  in   42,885,719  out   42,885,706  Δ -13
ℹ 20260316  in   61,519,778  out   61,519,798  Δ +20
ℹ 20260317  in   56,360,247  out   56,360,248  Δ +1
ℹ 20260318  in   54,249,342  out   54,249,366  Δ +24
ℹ 20260319  in   59,028,196  out   59,028,159  Δ -37
ℹ 20260320  in   56,658,340  out   56,658,331  Δ -9
ℹ 20260321  in   35,629,849  out   36,158,397  Δ +528,548
ℹ 20260322  in   31,158,335  out   30,670,104  Δ -488,231
ℹ 20260323  in   30,128,512  out   30,088,197  Δ -40,315
ℹ 20260324  in   41,768,762  out   41,843,310  Δ +74,548
ℹ 20260325  in   28,944,624  out   29,560,517  Δ +615,893
ℹ 20260326  in   35,993,061  out   35,746,097  Δ -246,964
ℹ 20260327  in   38,008,667  out   37,565,190  Δ -443,477
ℹ 20260328  in   45,147,611  out   45,147,623  Δ +12
ℹ 20260329  in   45,626,944  out   45,627,192  Δ +248
ℹ 20260330  in   60,640,773  out   60,691,074  Δ +50,301
ℹ 20260331  in   57,766,066  out   57,722,407  Δ -43,659
ℹ 20260401  in   50,685,206  out   50,987,811  Δ +302,605
ℹ 20260402  in   56,530,512  out   56,221,083  Δ -309,429
ℹ 20260403  in   46,617,557  out   46,617,496  Δ -61
ℹ 20260404  in   37,119,867  out   37,119,833  Δ -34
ℹ 20260405  in   41,125,740  out   42,990,689  Δ +1,864,949
ℹ 20260406  in   56,793,469  out   54,928,835  Δ -1,864,634
ℹ 20260407  in   64,815,556  out   64,824,033  Δ +8,477
ℹ 20260408  in   85,476,609  out   85,467,940  Δ -8,669
ℹ 20260409  in   71,384,787  out   71,500,903  Δ +116,116
ℹ 20260410  in   52,039,583  out   51,923,403  Δ -116,180
ℹ 20260411  in    1,680,998  out    2,210,835  Δ +529,837
ℹ 20260412  in   65,244,922  out   64,715,278  Δ -529,644
ℹ 20260413  in   51,753,627  out   51,759,479  Δ +5,852
ℹ 20260414  in   62,138,735  out   62,133,442  Δ -5,293
ℹ 20260415  in   44,906,144  out   44,905,427  Δ -717
ℹ 20260416  in   61,738,745  out   62,722,747  Δ +984,002
ℹ 20260417  in   59,564,471  out   59,257,963  Δ -306,508
ℹ 20260418  in   51,615,252  out   50,937,820  Δ -677,432
ℹ 20260419  in   70,584,693  out   96,351,923  Δ +25,767,230
ℹ 20260420  in   66,576,723  out   40,809,446  Δ -25,767,277
ℹ 20260421  in   46,679,416  out   46,679,291  Δ -125
ℹ 20260422  in   57,255,861  out   57,256,044  Δ +183
ℹ 20260423  in   61,406,007  out   61,405,837  Δ -170
ℹ 20260424  in   57,441,769  out   57,441,779  Δ +10
ℹ 20260425  in    1,784,181  out    1,784,157  Δ -24
ℹ 20260426  in   32,999,800  out   32,999,846  Δ +46
ℹ 20260427  in   34,881,966  out   34,881,957  Δ -9
ℹ 20260428  in   45,117,222  out   45,117,220  Δ -2
ℹ 20260429  in   50,841,758  out   50,841,737  Δ -21
ℹ 20260430  in   47,929,344  out   47,929,363  Δ +19
ℹ 20260501  in   37,975,538  out   37,975,510  Δ -28
ℹ 20260502  in   31,077,563  out   31,077,597  Δ +34
ℹ 20260503  in   34,522,766  out   34,522,759  Δ -7
ℹ 20260504  in   49,923,240  out   49,923,514  Δ +274
ℹ 20260505  in   46,612,540  out   46,612,280  Δ -260
ℹ 20260506  in   57,022,842  out   57,022,826  Δ -16
ℹ 20260507  in   54,140,430  out   54,140,472  Δ +42
ℹ 20260508  in   53,486,518  out   53,486,510  Δ -8
ℹ 20260509  in   42,823,587  out   42,823,564  Δ -23
ℹ 20260510  in   49,224,621  out   49,225,132  Δ +511
ℹ 20260511  in   55,430,757  out   55,430,173  Δ -584
ℹ 20260512  in   25,895,374  out   25,895,735  Δ +361
ℹ 20260513  in   53,005,873  out   53,110,095  Δ +104,222
ℹ 20260514  in  101,829,619  out  101,725,120  Δ -104,499
ℹ 20260515  in   56,700,785  out   56,700,764  Δ -21
ℹ 20260516  in   41,891,302  out   41,891,278  Δ -24
ℹ 20260517  in   42,264,008  out   42,264,065  Δ +57
ℹ 20260518  in   62,306,273  out   62,306,276  Δ +3
ℹ 20260519  in   52,121,705  out   52,121,676  Δ -29
ℹ 20260520  in   48,887,594  out   48,887,601  Δ +7
ℹ 20260521  in   46,151,521  out   46,151,632  Δ +111
ℹ 20260522  in   53,818,781  out   53,818,923  Δ +142
ℹ 20260523  in   45,549,727  out   45,549,590  Δ -137
ℹ 20260524  in   44,679,604  out   44,679,479  Δ -125
ℹ 20260525  in   43,768,639  out   43,915,897  Δ +147,258
ℹ 20260526  in   40,580,996  out   40,433,977  Δ -147,019
ℹ 20260527  in   55,554,573  out   55,554,370  Δ -203
ℹ 20260528  in   59,372,138  out   59,372,144  Δ +6
ℹ 20260529  in   54,516,106  out   54,516,093  Δ -13
ℹ 20260530  in   35,059,328  out   35,059,551  Δ +223
ℹ 20260531  in   40,474,590  out   40,474,371  Δ -219
ℹ 20260601  in   58,992,009  out   58,992,010  Δ +1
ℹ 20260602  in   66,528,155  out   66,528,188  Δ +33
ℹ 20260603  in   62,303,715  out   62,634,205  Δ +330,490
ℹ 20260604  in   78,053,273  out   78,334,560  Δ +281,287
ℹ 20260605  in   55,507,869  out   54,895,957  Δ -611,912
ℹ 20260606  in   32,330,536  out   32,330,612  Δ +76
ℹ 20260607  in   58,870,967  out   58,871,210  Δ +243
ℹ 20260608  in   63,544,015  out   63,543,758  Δ -257
ℹ 20260609  in   60,345,439  out   60,345,443  Δ +4
ℹ 20260610  in   66,509,043  out   66,509,056  Δ +13
ℹ 20260611  in   56,074,752  out   56,074,751  Δ -1
ℹ 20260612  in   54,063,365  out   54,063,370  Δ +5
ℹ 20260613  in   48,769,707  out   48,769,759  Δ +52
ℹ 20260614  in   40,663,911  out   40,664,305  Δ +394
ℹ 20260615  in   62,753,157  out   63,048,382  Δ +295,225
ℹ 20260616  in   54,754,931  out   54,459,244  Δ -295,687
ℹ 20260617  in   55,515,876  out   55,516,798  Δ +922
ℹ 20260618  in   49,222,329  out   49,804,416  Δ +582,087
ℹ 20260619  in   50,979,222  out   50,426,135  Δ -553,087
ℹ 20260620  in   42,503,996  out   42,673,293  Δ +169,297
ℹ 20260621  in   36,484,952  out   37,712,043  Δ +1,227,091
ℹ 20260622  in   40,786,640  out   39,914,319  Δ -872,321
ℹ 20260623  in   40,188,280  out   39,634,224  Δ -554,056
✓ Total — in 5,399,474,123 == out 5,399,474,123
